<area shape="rect" href="$classwx_editable_list_box.html" title="An editable listbox is composite control that lets the user easily enter, delete..." alt="" coords="584,5,715,37">
<area shape="rect" href="$classwx_h_scrolled_window.html" title="In the name of this class, &quot;H&quot; stands for &quot;horizontal&quot; because..." alt="" coords="576,61,723,93">
<area shape="rect" href="$classwx_h_v_scrolled_window.html" title="This window inherits all functionality of both vertical and horizontal, variable..." alt="" coords="572,117,727,149">
<area shape="rect" href="$classwx_preview_control_bar.html" title="This is the default implementation of the preview control bar, a panel with buttons..." alt="" coords="573,173,725,205">
<area shape="rect" href="$classwx_property_grid_manager.html" title="wxPropertyGridManager is an efficient multi&#45;page version of wxPropertyGrid, which..." alt="" coords="565,229,733,261">
<area shape="rect" href="$classwx_scrolled.html" title="wxScrolled\&lt; wxPanel \&gt;" alt="" coords="568,285,731,317">
<area shape="rect" href="$classwx_v_scrolled_window.html" title="In the name of this class, &quot;V&quot; may stand for &quot;variable&quot; because..." alt="" coords="576,341,723,373">
<area shape="rect" href="$classwx_wizard_page.html" title="wxWizardPage is one of the screens in wxWizard: it must know what are the following..." alt="" coords="592,397,707,429">
<area shape="rect" href="$classwx_window.html" title="wxWindow is the base class for all windows and represents any visible object om screen..." alt="" coords="307,201,395,233">
<area shape="rect" href="$classwx_evt_handler.html" title="A class that can handle events from the windowing system." alt="" coords="155,201,259,233">
<area shape="rect" href="$classwx_object.html" title="This is the root class of many of the wxWidgets classes." alt="" coords="19,173,93,205">
<area shape="rect" href="$classwx_trackable.html" title="Add&#45;on base class for a trackable object." alt="" coords="7,229,105,261">
<area shape="rect" href="$classwx_grid.html" title="wxGrid and its related classes are used for displaying and editing tabular data." alt="" coords="828,145,892,177">
<area shape="rect" href="$classwx_html_window.html" title="wxHtmlWindow is probably the only class you will directly use unless you want to..." alt="" coords="804,201,916,233">
<area shape="rect" href="$classwx_preview_canvas.html" title="A preview canvas is the default canvas used by the print preview system to display..." alt="" coords="793,257,927,289">
<area shape="rect" href="$classwx_property_grid.html" title="wxPropertyGrid is a specialized grid for editing properties &#45; in other words name..." alt="" coords="803,313,917,345">
<area shape="rect" href="$classwx_v_list_box.html" title="wxVListBox is a wxListBox&#45;like control with the following two main differences from..." alt="" coords="815,369,905,401">
<area shape="rect" href="$classwx_html_list_box.html" title="wxHtmlListBox is an implementation of wxVListBox which shows HTML content in the..." alt="" coords="988,369,1095,401">
<area shape="rect" href="$classwx_rich_text_style_list_box.html" title="This is a listbox that can display the styles in a wxRichTextStyleSheet, and apply..." alt="" coords="1144,341,1309,373">
<area shape="rect" href="$classwx_simple_html_list_box.html" title="wxSimpleHtmlListBox is an implementation of wxHtmlListBox which shows HTML content..." alt="" coords="1152,397,1301,429">
<area shape="rect" href="$classwx_wizard_page_simple.html" title="wxWizardPageSimple is the simplest possible wxWizardPage implementation: it just..." alt="" coords="783,425,937,457">
