<area shape="rect" href="$classwx_archive_output_stream.html" title="This is an abstract base class which serves as a common interface to archive output..." alt="" coords="73,255,236,287">
<area shape="rect" href="$classwx_buffered_output_stream.html" title="This stream acts as a cache." alt="" coords="260,255,428,287">
<area shape="rect" href="$classwx_zlib_output_stream.html" title="This stream compresses all data written to it." alt="" coords="452,255,591,287">
<area shape="rect" href="$classwx_output_stream.html" title="wxOutputStream is an abstract base class which may not be used directly." alt="" coords="285,89,403,121">
<area shape="rect" href="$classwx_stream_base.html" title="This class is the base class of most stream related classes in wxWidgets." alt="" coords="288,7,400,39">
<area shape="rect" href="$classwx_tar_output_stream.html" title="Output stream for writing tar files." alt="" coords="5,337,144,369">
<area shape="rect" href="$classwx_zip_output_stream.html" title="Output stream for writing zip files." alt="" coords="168,337,304,369">
