<area shape="rect" href="$classwx_input_stream.html" title="wxInputStream is an abstract base class which may not be used directly." alt="" coords="175,173,281,205">
<area shape="rect" href="$classwx_output_stream.html" title="wxOutputStream is an abstract base class which may not be used directly." alt="" coords="169,509,287,541">
<area shape="rect" href="$classwx_f_file_input_stream.html" title="This class represents data read in from a file." alt="" coords="355,5,493,37">
<area shape="rect" href="$classwx_file_input_stream.html" title="This class represents data read in from a file." alt="" coords="359,61,489,93">
<area shape="rect" href="$classwx_filter_input_stream.html" title="A filter stream has the capability of a normal stream but it can be placed on top..." alt="" coords="356,117,492,149">
<area shape="rect" href="$classwx_memory_input_stream.html" title="This class allows to use all methods taking a wxInputStream reference to read in&#45;memory..." alt="" coords="345,173,503,205">
<area shape="rect" href="$classwx_socket_input_stream.html" title="This class implements an input stream which reads data from a connected socket." alt="" coords="349,229,499,261">
<area shape="rect" href="$classwx_string_input_stream.html" title="This class implements an input stream which reads data from a string." alt="" coords="353,285,495,317">
<area shape="rect" href="$classwx_archive_input_stream.html" title="This is an abstract base class which serves as a common interface to archive input..." alt="" coords="568,61,720,93">
<area shape="rect" href="$classwx_buffered_input_stream.html" title="This stream acts as a cache." alt="" coords="565,117,723,149">
<area shape="rect" href="$classwx_zlib_input_stream.html" title="This filter stream decompresses a stream that is in zlib or gzip format." alt="" coords="579,173,709,205">
<area shape="rect" href="$classwx_tar_input_stream.html" title="Input stream for reading tar files." alt="" coords="783,33,911,65">
<area shape="rect" href="$classwx_zip_input_stream.html" title="Input stream for reading zip files." alt="" coords="783,89,911,121">
<area shape="rect" href="$classwx_counting_output_stream.html" title="wxCountingOutputStream is a specialized output stream which does not write any data..." alt="" coords="339,341,509,373">
<area shape="rect" href="$classwx_f_file_output_stream.html" title="This class represents data written to a file." alt="" coords="351,397,497,429">
<area shape="rect" href="$classwx_file_output_stream.html" title="This class represents data written to a file." alt="" coords="355,453,493,485">
<area shape="rect" href="$classwx_filter_output_stream.html" title="A filter stream has the capability of a normal stream but it can be placed on top..." alt="" coords="351,509,497,541">
<area shape="rect" href="$classwx_memory_output_stream.html" title="This class allows to use all methods taking a wxOutputStream reference to write to..." alt="" coords="340,565,508,597">
<area shape="rect" href="$classwx_socket_output_stream.html" title="This class implements an output stream which writes data from a connected socket..." alt="" coords="344,621,504,653">
<area shape="rect" href="$classwx_string_output_stream.html" title="This class implements an output stream which writes data either to a user&#45;provided..." alt="" coords="348,677,500,709">
<area shape="rect" href="$classwx_temp_file_output_stream.html" title="wxTempFileOutputStream is an output stream based on wxTempFile." alt="" coords="336,733,512,765">
<area shape="rect" href="$classwx_f_file_stream.html" title="wxFFileStream" alt="" coords="588,397,700,429">
<area shape="rect" href="$classwx_file_stream.html" title="wxFileStream" alt="" coords="592,453,696,485">
<area shape="rect" href="$classwx_archive_output_stream.html" title="This is an abstract base class which serves as a common interface to archive output..." alt="" coords="563,509,725,541">
<area shape="rect" href="$classwx_buffered_output_stream.html" title="This stream acts as a cache." alt="" coords="560,565,728,597">
<area shape="rect" href="$classwx_zlib_output_stream.html" title="This stream compresses all data written to it." alt="" coords="575,621,713,653">
<area shape="rect" href="$classwx_tar_output_stream.html" title="Output stream for writing tar files." alt="" coords="777,481,916,513">
<area shape="rect" href="$classwx_zip_output_stream.html" title="Output stream for writing zip files." alt="" coords="779,537,915,569">
