<area shape="rect" href="$classwx_data_view_bitmap_renderer.html" title="This class is used by wxDataViewCtrl to render bitmap controls." alt="" coords="340,5,535,37">
<area shape="rect" href="$classwx_data_view_custom_renderer.html" title="You need to derive a new class from wxDataViewCustomRenderer in order to write a..." alt="" coords="337,61,537,93">
<area shape="rect" href="$classwx_data_view_date_renderer.html" title="This class is used by wxDataViewCtrl to render calendar controls." alt="" coords="347,117,528,149">
<area shape="rect" href="$classwx_data_view_icon_text_renderer.html" title="The wxDataViewIconTextRenderer class is used to display text with a small icon next..." alt="" coords="336,173,539,205">
<area shape="rect" href="$classwx_data_view_progress_renderer.html" title="This class is used by wxDataViewCtrl to render progress bars." alt="" coords="333,229,541,261">
<area shape="rect" href="$classwx_data_view_text_renderer.html" title="wxDataViewTextRenderer is used for rendering text." alt="" coords="348,285,527,317">
<area shape="rect" href="$classwx_data_view_toggle_renderer.html" title="This class is used by wxDataViewCtrl to render toggle controls." alt="" coords="339,341,536,373">
<area shape="rect" href="$classwx_object.html" title="This is the root class of many of the wxWidgets classes." alt="" coords="7,173,81,205">
<area shape="rect" href="$classwx_data_view_spin_renderer.html" title="This is a specialized renderer for rendering integer values." alt="" coords="600,61,779,93">
<area shape="rect" href="$classwx_data_view_text_renderer_attr.html" title="The same as wxDataViewTextRenderer but with support for font attributes." alt="" coords="589,285,789,317">
