<area shape="rect" href="$classwx_counting_output_stream.html" title="wxCountingOutputStream is a specialized output stream which does not write any data..." alt="" coords="339,5,509,37">
<area shape="rect" href="$classwx_f_file_output_stream.html" title="This class represents data written to a file." alt="" coords="351,61,497,93">
<area shape="rect" href="$classwx_file_output_stream.html" title="This class represents data written to a file." alt="" coords="355,117,493,149">
<area shape="rect" href="$classwx_filter_output_stream.html" title="A filter stream has the capability of a normal stream but it can be placed on top..." alt="" coords="351,173,497,205">
<area shape="rect" href="$classwx_memory_output_stream.html" title="This class allows to use all methods taking a wxOutputStream reference to write to..." alt="" coords="340,229,508,261">
<area shape="rect" href="$classwx_socket_output_stream.html" title="This class implements an output stream which writes data from a connected socket..." alt="" coords="344,285,504,317">
<area shape="rect" href="$classwx_string_output_stream.html" title="This class implements an output stream which writes data either to a user&#45;provided..." alt="" coords="348,341,500,373">
<area shape="rect" href="$classwx_temp_file_output_stream.html" title="wxTempFileOutputStream is an output stream based on wxTempFile." alt="" coords="336,397,512,429">
<area shape="rect" href="$classwx_stream_base.html" title="This class is the base class of most stream related classes in wxWidgets." alt="" coords="7,201,119,233">
<area shape="rect" href="$classwx_f_file_stream.html" title="wxFFileStream" alt="" coords="588,61,700,93">
<area shape="rect" href="$classwx_file_stream.html" title="wxFileStream" alt="" coords="592,117,696,149">
<area shape="rect" href="$classwx_archive_output_stream.html" title="This is an abstract base class which serves as a common interface to archive output..." alt="" coords="563,173,725,205">
<area shape="rect" href="$classwx_buffered_output_stream.html" title="This stream acts as a cache." alt="" coords="560,229,728,261">
<area shape="rect" href="$classwx_zlib_output_stream.html" title="This stream compresses all data written to it." alt="" coords="575,285,713,317">
<area shape="rect" href="$classwx_tar_output_stream.html" title="Output stream for writing tar files." alt="" coords="777,145,916,177">
<area shape="rect" href="$classwx_zip_output_stream.html" title="Output stream for writing zip files." alt="" coords="779,201,915,233">
