<area shape="rect" href="$classwx_activate_event.html" title="An activate event is sent when a window or application is being activated or deactivated..." alt="" coords="299,145,419,177">
<area shape="rect" href="$classwx_aui_manager_event.html" title="Event used to indicate various actions taken with wxAuiManager." alt="" coords="287,201,431,233">
<area shape="rect" href="$classwx_calculate_layout_event.html" title="This event is sent by wxLayoutAlgorithm to calculate the amount of the remaining..." alt="" coords="275,257,443,289">
<area shape="rect" href="$classwx_close_event.html" title="This event class contains information about window and session close events." alt="" coords="305,313,412,345">
<area shape="rect" href="$classwx_command_event.html" title="This event class contains information about command events, which originate from..." alt="" coords="292,369,425,401">
<area shape="rect" href="$classwx_dial_up_event.html" title="This is the event class for the dialup events sent by wxDialUpManager." alt="" coords="303,425,415,457">
<area shape="rect" href="$classwx_drop_files_event.html" title="This class is used for drop files events, that is, when files have been dropped onto..." alt="" coords="295,481,423,513">
<area shape="rect" href="$classwx_erase_event.html" title="An erase event is sent when a window&#39;s background needs to be repainted." alt="" coords="305,537,412,569">
<area shape="rect" href="$classwx_focus_event.html" title="A focus event is sent when a window&#39;s focus changes." alt="" coords="305,593,412,625">
<area shape="rect" href="$classwx_iconize_event.html" title="An event being sent when the frame is iconized (minimized) or restored." alt="" coords="301,649,416,681">
<area shape="rect" href="$classwx_idle_event.html" title="This class is used for idle events, which are generated when the system becomes idle..." alt="" coords="312,705,405,737">
<area shape="rect" href="$classwx_init_dialog_event.html" title="A wxInitDialogEvent is sent as a dialog or panel is being initialised." alt="" coords="295,761,423,793">
<area shape="rect" href="$classwx_joystick_event.html" title="This event class contains information about joystick events, particularly events..." alt="" coords="299,817,419,849">
<area shape="rect" href="$classwx_key_event.html" title="This event class contains information about keypress (character) events." alt="" coords="311,873,407,905">
<area shape="rect" href="$classwx_maximize_event.html" title="An event being sent when a top level window is maximized." alt="" coords="295,929,423,961">
<area shape="rect" href="$classwx_menu_event.html" title="This class is used for a variety of menu&#45;related events." alt="" coords="307,985,411,1017">
<area shape="rect" href="$classwx_mouse_capture_changed_event.html" title="An mouse capture changed event is sent to a window that loses its mouse capture." alt="" coords="251,1041,467,1073">
<area shape="rect" href="$classwx_mouse_capture_lost_event.html" title="An mouse capture lost event is sent to a window that obtained mouse capture, which..." alt="" coords="267,1097,451,1129">
<area shape="rect" href="$classwx_mouse_event.html" title="This event class contains information about the events generated by the mouse: they..." alt="" coords="303,1153,415,1185">
<area shape="rect" href="$classwx_move_event.html" title="A move event holds information about wxTopLevelWindow move change events." alt="" coords="307,1209,411,1241">
<area shape="rect" href="$classwx_navigation_key_event.html" title="This event class contains information about navigation events, generated by navigation..." alt="" coords="279,1265,439,1297">
<area shape="rect" href="$classwx_paint_event.html" title="A paint event is sent when a window&#39;s contents needs to be repainted." alt="" coords="308,1321,409,1353">
<area shape="rect" href="$classwx_power_event.html" title="The power events are generated when the system power state changes, e.g." alt="" coords="304,1377,413,1409">
<area shape="rect" href="$classwx_process_event.html" title="A process event is sent to the wxEvtHandler specified to wxProcess when a process..." alt="" coords="299,1433,419,1465">
<area shape="rect" href="$classwx_query_layout_info_event.html" title="This event is sent when wxLayoutAlgorithm wishes to get the size, orientation and..." alt="" coords="275,1489,443,1521">
<area shape="rect" href="$classwx_scroll_win_event.html" title="A scroll event holds information about events sent from scrolling windows." alt="" coords="295,1545,423,1577">
<area shape="rect" href="$classwx_set_cursor_event.html" title="A wxSetCursorEvent is generated from wxWindow when the mouse cursor is about to be..." alt="" coords="293,1601,424,1633">
<area shape="rect" href="$classwx_show_event.html" title="An event being sent when the window is shown or hidden." alt="" coords="307,1657,411,1689">
<area shape="rect" href="$classwx_size_event.html" title="A size event holds information about size change events of wxWindow." alt="" coords="309,1713,408,1745">
<area shape="rect" href="$classwx_socket_event.html" title="This event class contains information about socket events." alt="" coords="303,1769,415,1801">
<area shape="rect" href="$classwx_sys_colour_changed_event.html" title="This class is used for system colour change events, which are generated when the..." alt="" coords="264,1825,453,1857">
<area shape="rect" href="$classwx_task_bar_icon_event.html" title="The event class used by wxTaskBarIcon." alt="" coords="285,1881,432,1913">
<area shape="rect" href="$classwx_timer_event.html" title="wxTimerEvent object is passed to the event handler of timer events (see wxTimer::SetOwner)..." alt="" coords="305,1937,412,1969">
<area shape="rect" href="$classwx_object.html" title="This is the root class of many of the wxWidgets classes." alt="" coords="7,1041,81,1073">
<area shape="rect" href="$classwx_active_x_event.html" title="An event class for handling ActiveX events passed from wxActiveXContainer." alt="" coords="547,5,664,37">
<area shape="rect" href="$classwx_child_focus_event.html" title="A child focus event is sent to a (parent&#45;)window when one of its child windows gains..." alt="" coords="536,61,675,93">
<area shape="rect" href="$classwx_clipboard_text_event.html" title="This class represents the events generated by a control (typically a wxTextCtrl but..." alt="" coords="528,117,683,149">
<area shape="rect" href="$classwx_collapsible_pane_event.html" title="This event class is used for the events generated by wxCollapsiblePane." alt="" coords="520,173,691,205">
<area shape="rect" href="$classwx_colour_picker_event.html" title="This event class is used for the events generated by wxColourPickerCtrl." alt="" coords="531,229,680,261">
<area shape="rect" href="$classwx_context_menu_event.html" title="This class is used for context menu events, sent to give the application a chance..." alt="" coords="531,285,680,317">
<area shape="rect" href="$classwx_date_event.html" title="This event class holds information about a date change and is used together with..." alt="" coords="556,341,655,373">
<area shape="rect" href="$classwx_file_ctrl_event.html" title="A file control event holds information about events associated with wxFileCtrl objects..." alt="" coords="549,397,661,429">
<area shape="rect" href="$classwx_file_dir_picker_event.html" title="This event class is used for the events generated by wxFilePickerCtrl and by wxDirPickerCtrl..." alt="" coords="532,453,679,485">
<area shape="rect" href="$classwx_font_picker_event.html" title="This event class is used for the events generated by wxFontPickerCtrl." alt="" coords="537,509,673,541">
<area shape="rect" href="$classwx_grid_editor_created_event.html" title="wxGridEditorCreatedEvent" alt="" coords="516,565,695,597">
<area shape="rect" href="$classwx_help_event.html" title="A help event is sent when the user has requested context&#45;sensitive help." alt="" coords="556,621,655,653">
<area shape="rect" href="$classwx_html_cell_event.html" title="This event class is used for the events generated by wxHtmlWindow." alt="" coords="545,677,665,709">
<area shape="rect" href="$classwx_html_link_event.html" title="This event class is used for the events generated by wxHtmlWindow." alt="" coords="545,733,665,765">
