<area shape="rect" href="$classwx_graphics_brush.html" title="A wxGraphicsBrush is a native representation of a brush." alt="" coords="316,5,441,37">
<area shape="rect" href="$classwx_graphics_context.html" title="A wxGraphicsContext instance is the object that is drawn upon." alt="" coords="309,61,448,93">
<area shape="rect" href="$classwx_graphics_font.html" title="A wxGraphicsFont is a native representation of a font." alt="" coords="320,117,437,149">
<area shape="rect" href="$classwx_graphics_matrix.html" title="A wxGraphicsMatrix is a native representation of an affine matrix." alt="" coords="315,173,443,205">
<area shape="rect" href="$classwx_graphics_path.html" title="A wxGraphicsPath is a native representation of a geometric path." alt="" coords="319,229,439,261">
<area shape="rect" href="$classwx_graphics_pen.html" title="A wxGraphicsPen is a native representation of a pen." alt="" coords="321,285,436,317">
<area shape="rect" href="$classwx_object.html" title="This is the root class of many of the wxWidgets classes." alt="" coords="7,145,81,177">
