<area shape="rect" href="$classwx_data_view_list_ctrl.html" title="This class is a wxDataViewCtrl which internally uses a wxDataViewListStore and forwards..." alt="" coords="5,420,141,452">
<area shape="rect" href="$classwx_data_view_tree_ctrl.html" title="This class is a wxDataViewCtrl which internally uses a wxDataViewTreeStore and forwards..." alt="" coords="165,420,312,452">
<area shape="rect" href="$classwx_control.html" title="This is the base class for a control or &quot;widget&quot;." alt="" coords="116,255,196,287">
<area shape="rect" href="$classwx_window.html" title="wxWindow is the base class for all windows and represents any visible object om screen..." alt="" coords="112,172,200,204">
<area shape="rect" href="$classwx_evt_handler.html" title="A class that can handle events from the windowing system." alt="" coords="104,89,208,121">
<area shape="rect" href="$classwx_object.html" title="This is the root class of many of the wxWidgets classes." alt="" coords="64,7,139,39">
<area shape="rect" href="$classwx_trackable.html" title="Add&#45;on base class for a trackable object." alt="" coords="163,7,261,39">
