<area shape="rect" href="$classwx_combo_box.html" title="A combobox is like a combination of an edit control and a listbox." alt="" coords="25,172,132,204">
<area shape="rect" href="$classwx_control_with_items.html" title="This is convenience class that derives from both wxControl and wxItemContainer." alt="" coords="156,172,295,204">
<area shape="rect" href="$classwx_item_container_immutable.html" title="wxItemContainer defines an interface which is implemented by all controls which have..." alt="" coords="61,7,243,39">
<area shape="rect" href="$classwx_bitmap_combo_box.html" title="A combobox that displays bitmap in front of the list items." alt="" coords="5,255,152,287">
<area shape="rect" href="$classwx_choice.html" title="A choice item is used to select one of a list of strings." alt="" coords="180,255,260,287">
<area shape="rect" href="$classwx_list_box.html" title="A listbox is used to select one or more of a list of strings." alt="" coords="284,255,367,287">
<area shape="rect" href="$classwx_check_list_box.html" title="A wxCheckListBox is like a wxListBox, but allows items to be checked or unchecked..." alt="" coords="265,337,385,369">
<area shape="rect" href="$classwx_rearrange_list.html" title="A listbox&#45;like control allowing the user to rearrange the items and to enable or..." alt="" coords="264,420,387,452">
