<area shape="rect" href="$classwx_context_help_button.html" title="Instances of this class may be used to add a question mark button that when pressed..." alt="" coords="24,503,171,535">
<area shape="rect" href="$classwx_button.html" title="A button is a control that contains a text string, and is one of the most common..." alt="" coords="60,337,135,369">
<area shape="rect" href="$classwx_control.html" title="This is the base class for a control or &quot;widget&quot;." alt="" coords="57,255,137,287">
<area shape="rect" href="$classwx_window.html" title="wxWindow is the base class for all windows and represents any visible object om screen..." alt="" coords="53,172,141,204">
<area shape="rect" href="$classwx_evt_handler.html" title="A class that can handle events from the windowing system." alt="" coords="45,89,149,121">
<area shape="rect" href="$classwx_object.html" title="This is the root class of many of the wxWidgets classes." alt="" coords="5,7,80,39">
<area shape="rect" href="$classwx_trackable.html" title="Add&#45;on base class for a trackable object." alt="" coords="104,7,203,39">
