<area shape="rect" href="$classwx_v_list_box.html" title="wxVListBox is a wxListBox&#45;like control with the following two main differences from..." alt="" coords="133,420,224,452">
<area shape="rect" href="$classwx_panel.html" title="A panel is a window on which controls are placed." alt="" coords="73,255,145,287">
<area shape="rect" href="$classwx_window.html" title="wxWindow is the base class for all windows and represents any visible object om screen..." alt="" coords="61,172,149,204">
<area shape="rect" href="$classwx_evt_handler.html" title="A class that can handle events from the windowing system." alt="" coords="53,89,157,121">
<area shape="rect" href="$classwx_object.html" title="This is the root class of many of the wxWidgets classes." alt="" coords="13,7,88,39">
<area shape="rect" href="$classwx_trackable.html" title="Add&#45;on base class for a trackable object." alt="" coords="112,7,211,39">
<area shape="rect" href="$classwx_var_v_scroll_helper.html" title="This class provides functions wrapping the wxVarScrollHelperBase class, targeted..." alt="" coords="179,255,320,287">
<area shape="rect" href="$classwx_var_scroll_helper_base.html" title="This class provides all common base functionality for scroll calculations shared..." alt="" coords="173,172,336,204">
<area shape="rect" href="$classwx_html_list_box.html" title="wxHtmlListBox is an implementation of wxVListBox which shows HTML content in the..." alt="" coords="125,503,232,535">
<area shape="rect" href="$classwx_rich_text_style_list_box.html" title="This is a listbox that can display the styles in a wxRichTextStyleSheet, and apply..." alt="" coords="5,585,171,617">
<area shape="rect" href="$classwx_simple_html_list_box.html" title="wxSimpleHtmlListBox is an implementation of wxHtmlListBox which shows HTML content..." alt="" coords="195,585,344,617">
