<area shape="rect" href="$classwx_doc_child_frame.html" title="The wxDocChildFrame class provides a default frame for displaying documents on separate..." alt="" coords="764,5,897,37">
<area shape="rect" href="$classwx_doc_parent_frame.html" title="The wxDocParentFrame class provides a default top&#45;level frame for applications using..." alt="" coords="760,61,901,93">
<area shape="rect" href="$classwx_html_help_dialog.html" title="This class is used by wxHtmlHelpController to display help." alt="" coords="765,117,896,149">
<area shape="rect" href="$classwx_html_help_frame.html" title="This class is used by wxHtmlHelpController to display help." alt="" coords="765,173,896,205">
<area shape="rect" href="$classwx_m_d_i_child_frame.html" title="An MDI child frame is a frame that can only exist inside a wxMDIClientWindow, which..." alt="" coords="765,229,896,261">
<area shape="rect" href="$classwx_m_d_i_parent_frame.html" title="An MDI (Multiple Document Interface) parent frame is a window which can contain MDI..." alt="" coords="761,285,900,317">
<area shape="rect" href="$classwx_mini_frame.html" title="A miniframe is a frame with a small title bar." alt="" coords="780,341,881,373">
<area shape="rect" href="$classwx_preview_frame.html" title="This class provides the default method of managing the print preview interface." alt="" coords="768,397,893,429">
<area shape="rect" href="$classwx_splash_screen.html" title="wxSplashScreen shows a window with a thin border, displaying a bitmap describing..." alt="" coords="769,453,892,485">
<area shape="rect" href="$classwx_top_level_window.html" title="wxTopLevelWindow is a common base class for wxDialog and wxFrame." alt="" coords="443,229,587,261">
<area shape="rect" href="$classwx_window.html" title="wxWindow is the base class for all windows and represents any visible object om screen..." alt="" coords="307,229,395,261">
<area shape="rect" href="$classwx_evt_handler.html" title="A class that can handle events from the windowing system." alt="" coords="155,229,259,261">
<area shape="rect" href="$classwx_object.html" title="This is the root class of many of the wxWidgets classes." alt="" coords="19,201,93,233">
<area shape="rect" href="$classwx_trackable.html" title="Add&#45;on base class for a trackable object." alt="" coords="7,257,105,289">
<area shape="rect" href="$classwx_doc_m_d_i_child_frame.html" title="The wxDocMDIChildFrame class provides a default frame for displaying documents on..." alt="" coords="953,229,1111,261">
<area shape="rect" href="$classwx_doc_m_d_i_parent_frame.html" title="The wxDocMDIParentFrame class provides a default top&#45;level frame for applications..." alt="" coords="949,285,1115,317">
