<area shape="rect" href="$classwx_var_h_v_scroll_helper.html" title="This class provides functions wrapping the wxVarHScrollHelper and wxVarVScrollHelper..." alt="" coords="8,172,157,204">
<area shape="rect" href="$classwx_v_scrolled_window.html" title="In the name of this class, &quot;V&quot; may stand for &quot;variable&quot; because..." alt="" coords="181,172,328,204">
<area shape="rect" href="$classwx_var_scroll_helper_base.html" title="This class provides all common base functionality for scroll calculations shared..." alt="" coords="87,7,249,39">
<area shape="rect" href="$classwx_h_v_scrolled_window.html" title="This window inherits all functionality of both vertical and horizontal, variable..." alt="" coords="5,255,160,287">
<area shape="rect" href="$classwx_v_list_box.html" title="wxVListBox is a wxListBox&#45;like control with the following two main differences from..." alt="" coords="209,255,300,287">
<area shape="rect" href="$classwx_html_list_box.html" title="wxHtmlListBox is an implementation of wxVListBox which shows HTML content in the..." alt="" coords="201,337,308,369">
<area shape="rect" href="$classwx_rich_text_style_list_box.html" title="This is a listbox that can display the styles in a wxRichTextStyleSheet, and apply..." alt="" coords="81,420,247,452">
<area shape="rect" href="$classwx_simple_html_list_box.html" title="wxSimpleHtmlListBox is an implementation of wxHtmlListBox which shows HTML content..." alt="" coords="271,420,420,452">
